again, now we're cooking

